
--- Sending to Deployment 1 (Old): https://script.google.com/macros/s/AKfycbzXBG60sIsVrEZ8mhXtslkcNkmf287YHj8wNVlf1H1evLdUlbDrGrmQD2Bi0b_lkYLmkg/exec ---
Sending test case: test_1770936532128_1_881_D1 (@bonakdarjavan)...
Result: {
  "status": "success",
  "message": "Data imported successfully",
  "message_row": 48,
  "product_row": null,
  "products_found": 0,
  "id": "test_1770936532128_1_881_D1",
  "debug_info": {
    "channel": "@bonakdarjavan",
    "content_length": 132,
    "products_found": 0,
    "classification": "product_listing",
    "confidence": 0.95
  }
}
Sending test case: test_1770936532128_2_874_D1 (@top_shop_rahimi)...
Result: {
  "status": "success",
  "message": "Data imported successfully",
  "message_row": 49,
  "product_row": null,
  "products_found": 0,
  "id": "test_1770936532128_2_874_D1",
  "debug_info": {
    "channel": "@top_shop_rahimi",
    "content_length": 90,
    "products_found": 0,
    "classification": "product_listing",
    "confidence": 0.95
  }
}
Sending test case: test_1770936532128_3_512_D1 (@nobelshop118)...
Result: {
  "status": "success",
  "message": "Data imported successfully",
  "message_row": 50,
  "product_row": null,
  "products_found": 0,
  "id": "test_1770936532128_3_512_D1",
  "debug_info": {
    "channel": "@nobelshop118",
    "content_length": 59,
    "products_found": 0,
    "classification": "product_listing",
    "confidence": 0.95
  }
}

Checking version for deployment: https://script.google.com/macros/s/AKfycbzXBG60sIsVrEZ8mhXtslkcNkmf287YHj8wNVlf1H1evLdUlbDrGrmQD2Bi0b_lkYLmkg/exec
Version Result: {
  "version": "3.9",
  "deployment_id": "REDEPLOYMENT_VERIFICATION_3_9",
  "timestamp": "2026-02-12T22:49:04.174Z",
  "status": "version_check_passed"
}

Running internal test_extraction for deployment: https://script.google.com/macros/s/AKfycbzXBG60sIsVrEZ8mhXtslkcNkmf287YHj8wNVlf1H1evLdUlbDrGrmQD2Bi0b_lkYLmkg/exec
Internal Test Result: {
  "status": "extraction_test_complete",
  "message": "Extracted 0 products",
  "products": [],
  "timestamp": "2026-02-12T22:49:06.838Z"
}

Checking ExecutionLogs for deployment: https://script.google.com/macros/s/AKfycbzXBG60sIsVrEZ8mhXtslkcNkmf287YHj8wNVlf1H1evLdUlbDrGrmQD2Bi0b_lkYLmkg/exec
ExecutionLogs Result (last 3):
[
  {
    "Timestamp": "2026-02-12T22:48:53.194Z",
    "Function": "doPost",
    "Level": "INFO",
    "Channel": "@bonakdarjavan",
    "ContentLength": 132,
    "Message": "Webhook received",
    "ProductsFound": 0,
    "Details": "ID: test_1770936532128_1_881_D1 - Content preview: ┌⌐┘å╪│╪▒┘ê ┘à╪º┘ç█î █▒█╕█░ ┌»╪▒┘à█î ╪¬╪º┘╛\nΓ£à\n┘é█î┘à╪¬ ┘ç╪▒ ╪¿╪º┌⌐╪│: █▒,█▓█╡█░,█░█░█░ "
  },
  {
    "Timestamp": "2026-02-12T22:48:56.821Z",
    "Function": "doPost",
    "Level": "INFO",
    "Channel": "@top_shop_rahimi",
    "ContentLength": 90,
    "Message": "Webhook received",
    "ProductsFound": 0,
    "Details": "ID: test_1770936532128_2_874_D1 - Content preview: ╪º┘å╪▒┌ÿ█î ╪▓╪º ┘ç╪º█î┘╛ ╪º╪╡┘ä█î\nΓ£à╪»╪▒ ╪¿╪º┌⌐╪│ █▓█┤╪╣╪»╪»█î\nΓ£à┘é█î┘à╪¬ ┘ç╪▒ ╪¿╪º┌⌐╪│: "
  },
  {
    "Timestamp": "2026-02-12T22:49:01.279Z",
    "Function": "doPost",
    "Level": "INFO",
    "Channel": "@nobelshop118",
    "ContentLength": 59,
    "Message": "Webhook received",
    "ProductsFound": 0,
    "Details": "ID: test_1770936532128_3_512_D1 - Content preview: ┌⌐╪º┘╛┘ê┌å█î┘å┘ê ┌»┘ê╪»╪»█î █│█░ ╪¬╪º█î█î\n: █╖█╡/█░█░█░\n\n┘ç╪º╪¬ ┌å╪º┌⌐┘ä╪¬ █▓█░ ╪¬╪º█î█î"
  }
]

Verifying extracted products for deployment: https://script.google.com/macros/s/AKfycbzXBG60sIsVrEZ8mhXtslkcNkmf287YHj8wNVlf1H1evLdUlbDrGrmQD2Bi0b_lkYLmkg/exec
Verification Result (last 5 products):
[
  {
    "name": "_____________________170739",
    "price": "┌⌐┘å╪│╪▒┘ê ┘à╪º┘ç█î █▒█╕█░ ┌»╪▒┘à█î ╪¬╪º┘╛",
    "currency": 1250000,
    "packaging": 65000,
    "volume": "IRT",
    "channel": "",
    "message_id": "",
    "timestamp": "24 ╪╣╪»╪»█î",
    "original_message": ""
  },
  {
    "name": "___________________175095",
    "price": "╪º┘å╪▒┌ÿ█î ╪▓╪º ┘ç╪º█î┘╛ ╪º╪╡┘ä█î",
    "currency": 1200000,
    "packaging": 65000,
    "volume": "IRT",
    "channel": "",
    "message_id": "",
    "timestamp": "24 ╪╣╪»╪»█î",
    "original_message": ""
  },
  {
    "name": "_______________30____178931",
    "price": "┌⌐╪º┘╛┘ê┌å█î┘å┘ê ┌»┘ê╪»╪»█î 30 ╪¬╪º█î█î",
    "currency": 75000,
    "packaging": "IRT",
    "volume": "IRT",
    "channel": "",
    "message_id": "",
    "timestamp": "",
    "original_message": ""
  },
  {
    "name": "__________20______179618",
    "price": "┘ç╪º╪¬ ┌å╪º┌⌐┘ä╪¬ 20 ╪¬╪º█î█î",
    "currency": 65000,
    "packaging": "IRT",
    "volume": "IRT",
    "channel": "",
    "message_id": "",
    "timestamp": "",
    "original_message": ""
  }
]

--- Sending to Deployment 2 (New): https://script.google.com/macros/s/AKfycbyM5sL5xanCZ46IE98XR0YxPb4xqcYvFwG1OBXYvKrDCMmtEqQ0RGr63v6j5qVpNq67lQ/exec ---
Sending test case: test_1770936532128_1_881_D2 (@bonakdarjavan)...
Result: {
  "status": "success",
  "message": "Data imported successfully",
  "message_row": 51,
  "product_row": 5,
  "products_found": 1,
  "id": "test_1770936532128_1_881_D2",
  "debug_info": {
    "channel": "@bonakdarjavan",
    "content_length": 132,
    "products_found": 1,
    "classification": "product_listing",
    "confidence": 0.95
  }
}
Sending test case: test_1770936532128_2_874_D2 (@top_shop_rahimi)...
Result: {
  "status": "success",
  "message": "Data imported successfully",
  "message_row": 52,
  "product_row": 5,
  "products_found": 1,
  "id": "test_1770936532128_2_874_D2",
  "debug_info": {
    "channel": "@top_shop_rahimi",
    "content_length": 90,
    "products_found": 1,
    "classification": "product_listing",
    "confidence": 0.95
  }
}
Sending test case: test_1770936532128_3_512_D2 (@nobelshop118)...
Result: {
  "status": "success",
  "message": "Data imported successfully",
  "message_row": 53,
  "product_row": 5,
  "products_found": 2,
  "id": "test_1770936532128_3_512_D2",
  "debug_info": {
    "channel": "@nobelshop118",
    "content_length": 59,
    "products_found": 2,
    "classification": "product_listing",
    "confidence": 0.95
  }
}

Checking version for deployment: https://script.google.com/macros/s/AKfycbyM5sL5xanCZ46IE98XR0YxPb4xqcYvFwG1OBXYvKrDCMmtEqQ0RGr63v6j5qVpNq67lQ/exec
Version Result: {
  "version": "4.0",
  "deployment_id": "PERSIAN_PATTERN_REFINEMENT_4_0",
  "timestamp": "2026-02-12T22:49:56.741Z",
  "status": "version_check_passed"
}

Running internal test_extraction for deployment: https://script.google.com/macros/s/AKfycbyM5sL5xanCZ46IE98XR0YxPb4xqcYvFwG1OBXYvKrDCMmtEqQ0RGr63v6j5qVpNq67lQ/exec
Internal Test Result: {
  "status": "extraction_test_complete",
  "results": [
    {
      "test_name": "Bonakdar Javan (Multi-product)",
      "channel": "@bonakdarjavan",
      "products_found": 1,
      "products": [
        {
          "name": "┌⌐┘å╪│╪▒┘ê ┘à╪º┘ç█î █▒█╕█░ ┌»╪▒┘à█î ╪¬╪º┘╛",
          "price": 1250000,
          "consumer_price": 65000,
          "packaging": "24 ╪╣╪»╪»█î"
        }
      ]
    },
    {
      "test_name": "Top Shop Rahimi (Energy Drink)",
      "channel": "@top_shop_rahimi",
      "products_found": 1,
      "products": [
        {
          "name": "╪º┘å╪▒┌ÿ█î ╪▓╪º ┘ç╪º█î┘╛ ╪º╪╡┘ä█î",
          "price": 1200000,
          "consumer_price": 65000,
          "packaging": "24 ╪╣╪»╪»█î"
        }
      ]
    },
    {
      "test_name": "Nobel Shop (List Format)",
      "channel": "@nobelshop118",
      "products_found": 2,
      "products": [
        {
          "name": "┌⌐╪º┘╛┘ê┌å█î┘å┘ê ┌»┘ê╪»╪»█î 30 ╪¬╪º█î█î",
          "price": 75000,
          "packaging": ""
        },
        {
          "name": "┘ç╪º╪¬ ┌å╪º┌⌐┘ä╪¬ 20 ╪¬╪º█î█î",
          "price": 65000,
          "packaging": ""
        }
      ]
    }
  ],
  "timestamp": "2026-02-12T22:49:58.374Z"
}

Checking ExecutionLogs for deployment: https://script.google.com/macros/s/AKfycbyM5sL5xanCZ46IE98XR0YxPb4xqcYvFwG1OBXYvKrDCMmtEqQ0RGr63v6j5qVpNq67lQ/exec
ExecutionLogs Result (last 3):
[
  {
    "Timestamp": "2026-02-12T22:49:14.410Z",
    "Function": "doPost",
    "Level": "INFO",
    "Channel": "@bonakdarjavan",
    "ContentLength": 132,
    "Message": "Webhook received",
    "ProductsFound": 0,
    "Details": "ID: test_1770936532128_1_881_D2 - Content preview: ┌⌐┘å╪│╪▒┘ê ┘à╪º┘ç█î █▒█╕█░ ┌»╪▒┘à█î ╪¬╪º┘╛\nΓ£à\n┘é█î┘à╪¬ ┘ç╪▒ ╪¿╪º┌⌐╪│: █▒,█▓█╡█░,█░█░█░ "
  },
  {
    "Timestamp": "2026-02-12T22:49:25.978Z",
    "Function": "doPost",
    "Level": "INFO",
    "Channel": "@top_shop_rahimi",
    "ContentLength": 90,
    "Message": "Webhook received",
    "ProductsFound": 0,
    "Details": "ID: test_1770936532128_2_874_D2 - Content preview: ╪º┘å╪▒┌ÿ█î ╪▓╪º ┘ç╪º█î┘╛ ╪º╪╡┘ä█î\nΓ£à╪»╪▒ ╪¿╪º┌⌐╪│ █▓█┤╪╣╪»╪»█î\nΓ£à┘é█î┘à╪¬ ┘ç╪▒ ╪¿╪º┌⌐╪│: "
  },
  {
    "Timestamp": "2026-02-12T22:49:40.073Z",
    "Function": "doPost",
    "Level": "INFO",
    "Channel": "@nobelshop118",
    "ContentLength": 59,
    "Message": "Webhook received",
    "ProductsFound": 0,
    "Details": "ID: test_1770936532128_3_512_D2 - Content preview: ┌⌐╪º┘╛┘ê┌å█î┘å┘ê ┌»┘ê╪»╪»█î █│█░ ╪¬╪º█î█î\n: █╖█╡/█░█░█░\n\n┘ç╪º╪¬ ┌å╪º┌⌐┘ä╪¬ █▓█░ ╪¬╪º█î█î"
  }
]

Verifying extracted products for deployment: https://script.google.com/macros/s/AKfycbyM5sL5xanCZ46IE98XR0YxPb4xqcYvFwG1OBXYvKrDCMmtEqQ0RGr63v6j5qVpNq67lQ/exec
Verification Result (last 5 products):
[
  {
    "name": "_____________________170739",
    "price": "┌⌐┘å╪│╪▒┘ê ┘à╪º┘ç█î █▒█╕█░ ┌»╪▒┘à█î ╪¬╪º┘╛",
    "currency": 1250000,
    "packaging": 65000,
    "volume": "IRT",
    "channel": "",
    "message_id": "",
    "timestamp": "24 ╪╣╪»╪»█î",
    "original_message": ""
  },
  {
    "name": "___________________175095",
    "price": "╪º┘å╪▒┌ÿ█î ╪▓╪º ┘ç╪º█î┘╛ ╪º╪╡┘ä█î",
    "currency": 1200000,
    "packaging": 65000,
    "volume": "IRT",
    "channel": "",
    "message_id": "",
    "timestamp": "24 ╪╣╪»╪»█î",
    "original_message": ""
  },
  {
    "name": "_______________30____178931",
    "price": "┌⌐╪º┘╛┘ê┌å█î┘å┘ê ┌»┘ê╪»╪»█î 30 ╪¬╪º█î█î",
    "currency": 75000,
    "packaging": "IRT",
    "volume": "IRT",
    "channel": "",
    "message_id": "",
    "timestamp": "",
    "original_message": ""
  },
  {
    "name": "__________20______179618",
    "price": "┘ç╪º╪¬ ┌å╪º┌⌐┘ä╪¬ 20 ╪¬╪º█î█î",
    "currency": 65000,
    "packaging": "IRT",
    "volume": "IRT",
    "channel": "",
    "message_id": "",
    "timestamp": "",
    "original_message": ""
  }
]
